"APOKRYPH" 2009/06/08 "Некоторые тексты христианских апокрифов" "{437 КБ}" "https://dl.dropbox.com/scl/fi/rgoxesibn6zlsxsvikljg/APOKRYPH.exe?rlkey=psqx21hu1f4m2dm3yjrhqyssu&"
"BBE" 1998/03/03 "1949/1964 Bible In Basic English" "{1.67 МБ}" "https://dl.dropbox.com/scl/fi/e1d6qw1eubxjpvp1lo9m3/BBE.exe?rlkey=iv4tane99qnh75gzj1bqpkqgg&"
"BHM" 2007/10/28 "Древнеевр. ВЗ Biblia Hebraica Stuttgartensia с морфологическим разбором" "{1.33 МБ}" "https://dl.dropbox.com/scl/fi/r96b8bo4ips7h8lkeoqd4/BHM.exe?rlkey=353hsizvhpe3tbz95s0xk79o5&"
"BHS" 2002/03/19 "Древнеевр. ВЗ Biblia Hebraica Stuttgartensia" "{1.38 МБ}" "https://dl.dropbox.com/scl/fi/77wqz4jgb5ooag0yv72ju/BHS.exe?rlkey=zxo9gwhe2d6r67yxc4ro7mncy&"
"bro" 2006/10/30 "Библейская Энциклопедия Брокгауза" "{1.97 МБ}" "https://dl.dropbox.com/scl/fi/g9fq9japvy48y5d163nzx/bro.exe?rlkey=i7dj26w5synlwgnisbvwwzhha&"
"BYZ" 2007/10/28 "Древнегреч. НЗ текст большинства рукописей 1991" "{912 КБ}" "https://dl.dropbox.com/scl/fi/wy82tv7e5zsb5k46a4wlv/BYZ.exe?rlkey=9nxwkxn64ibbze17egfhbzq0l&"
"CANON" 2009/06/11 "Каноны Православной Церкви" "{257 КБ}" "https://dl.dropbox.com/scl/fi/n7x1tmhecbs765r1jpkxj/CANON.exe?rlkey=c9llpbfob1stj9ws9g0ube03v&"
"DAL" 2009/05/31 "Толковый словарь живого великорусского языка В. Даль" "{10.1 МБ}" "https://dl.dropbox.com/scl/fi/mqchdnav6pvi34vxf3kk2/DAL.exe?rlkey=2y0i394d1v9kpdp4uotty2xd1&"
"dic" 2013/06/07 "Библейский словарь  Вихлянцев В.П., сентябрь 2009 г." "{10.5 МБ}" "https://dl.dropbox.com/scl/fi/f5ra7xnvmz5ljtytv0oce/dic.exe?rlkey=0f80q1pd5ogksfglinb2xmyhu&"
"dictru" 2006/10/28 "Русский Библейский словарь В.П.Вихлянцева, октябрь 2001 г." "{652 КБ}" "https://dl.dropbox.com/scl/fi/oosceyvibyy3sbfgwkhwg/Dictrus.exe?rlkey=497ebr5oh6b7v142bdov2f0ul&"
"DORE" 2009/05/30 "Графический модуль “Гравюры Гюстава Доре”" "{50.3 МБ}" "https://dl.dropbox.com/scl/fi/jd7d1tv8ch7rpozhd21df/DORE.exe?rlkey=eyev13jlhbexmvnvcpcl2uewq&"
"GDANSK" 2006/12/19 "Gdansk 1910 — Polish Bible" "{1.90 МБ}" "https://dl.dropbox.com/scl/fi/beomzezg792lq254vew65/GDANSK.exe?rlkey=bnavlxfzpcu362yz3ttgwt2vp&"
"GRKRUS & HEBRUS" 2007/10/28 "Греческий и еврейский словари Стронга на русском языке, октябрь 2001 г." "{840 КБ}" "https://dl.dropbox.com/scl/fi/sdyz8wwhwbacyyhm20ztw/StrongsRus.exe?rlkey=ojp9iyhu36dvuz980vacg8r83&"
"IGNT" 2002/09/12 "Interlinear Greek NT – Интерлинеарный англо-греческий НЗ" "{1.12 МБ}" "https://dl.dropbox.com/scl/fi/u9elhcd09jfmixtv2vy8n/IGNT.exe?rlkey=bpg5i24kefebfifbayph5c6pq&"
"JPS" 2000/06/21 "Jewish Publication Society – Раввинистический перевод Ветхого Завета 1917 г." "{1.47 МБ}" "https://dl.dropbox.com/scl/fi/x904lwmcmzxzkb9qv9bmf/JPS.exe?rlkey=srhx0jn3695cgym0pyfuxvn9y&"
"KATECHEO" 2009/05/31 "ПРОСТРАННЫЙ ХРИСТИАНСКИЙ КАТЕХИЗИС" "{205 КБ}" "https://dl.dropbox.com/scl/fi/1emzyibn172mqhw31ypqx/KATECHEO.exe?rlkey=dktuxkuxeb7oc2ncszunqkshm&"
"KRA" 2009/05/31 "Коран. Перевод И.Ю. Крачковского" "{870 КБ}" "https://dl.dropbox.com/scl/fi/hqpucxirij0h1jleulwry/KRA.exe?rlkey=eqk7ceokzjmekasi5um56ckbq&"
"KUL" 2009/05/31 "Коран. Перевод Э.Р. Кулиева 2002" "{916 КБ}" "https://dl.dropbox.com/scl/fi/nhx28h9ksw977aal8iz84/KUL.exe?rlkey=jgj9v4kuv5palnshgu5jan8gy&"
"LIBRUS" 2013/01/02 "Русская библиотека" "{96.4 КБ}" "https://dl.dropbox.com/scl/fi/guaymx48pxt0mew6sndel/LIBRUS.exe?rlkey=9twkex6vrpy3gssyjcw5fsr9r&"
"LXX" 2007/10/28 "Греческая Септуагинта под ред. Альфреда Ральфса" "{1.86 МБ}" "https://dl.dropbox.com/scl/fi/5z5qvo7uhntxifk8d8nz0/LXX.exe?rlkey=rozdfhomcs4mw3pw95xz6pos9&"
"MAPRUS" 2008/12/09 "Карты и рисунки" "{1.18 МБ}" "https://dl.dropbox.com/scl/fi/x44pasw24wx7qq7w5yeq1/MAPRUS.exe?rlkey=ctdn42b3w3g1br4g3uks63ume&"
"MGREEK" 2008/09/14 "Греческий современный перевод Библии" "{1.87 МБ}" "https://dl.dropbox.com/scl/fi/bxipxr8g1ihwrql8x43rq/MGREEK.exe?rlkey=yv045640rxzmlfj6ah48ogd2f&"
"nik" 2006/09/30 "Библейская Энциклопедия Архимандрита Никифора" "{1.48 МБ}" "https://dl.dropbox.com/scl/fi/v828vwod5xzeorokr5o7w/nik.exe?rlkey=jlp0wvdm6j89pvxvwqv96d9x1&"
"nus" 2006/09/30 "Библейский словарь Эрик Нюстрем" "{962 КБ}" "https://dl.dropbox.com/scl/fi/my62x2lvuztpgm007fwv7/nus.exe?rlkey=bjr3q2sessgg37tvnnbxixcad&"
"OSM" 2009/05/31 "Коран. Перевод Османова Магомед-Нури Османовича" "{1.01 МБ}" "https://dl.dropbox.com/scl/fi/4wdocdmtm7of9uj206msc/OSM.exe?rlkey=nr93kihjk7rsg1sxghmn1fcrt&"
"PESHITTA" 2000/03/08 "1905 Syriac Peshitta New Testament – Пешитта (Сирийский Новый Завет)" "{792 КБ}" "https://dl.dropbox.com/scl/fi/44lxkj1ph0kkkf471ieup/Peshitta.exe?rlkey=dxlbpkmrk3cxt8obzkfv3u10u&"
"POR" 2009/05/31 "Коран. Перевод смыслов Иман Валерии Пороховой 1991/2004" "{1.08 МБ}" "https://dl.dropbox.com/scl/fi/uuoev4mg8m2mwtqdk032d/POR.exe?rlkey=5yimd2ws46dqfmoo3teh146up&"
"RST" 2007/10/28 "Русский Синодальный перевод (1876/1956) с номерами Стронга" "{2.8 МБ}" "https://dl.dropbox.com/scl/fi/eybnnlyvl2i9uldlygqqg/RST_Strongs.exe?rlkey=157n6udjx0dbu3zrkkc5tov0r&"
"TR" 2007/10/28 "Древнегреч. НЗ Textus Receptus 1550" "{931 КБ}" "https://dl.dropbox.com/scl/fi/ge5wssk4u762dt4e5nsmw/TR.exe?rlkey=v534d29knlo7r67988zuk6nv2&"
"TSK" 2007/10/28 "Параллельные места (комментарий Treasure of Scripture Knowledge)" "{2.8 МБ}" "https://dl.dropbox.com/scl/fi/mxc7c9gzjs0ptuujfdhe9/Tsk_xref.exe?rlkey=pg3pyfqwuppx13j2tvfmjfekz&"
"Ukraine" 2007/10/28 "Украинский перевод Ивана Огиенко 1940" "{2.1 МБ}" "https://dl.dropbox.com/scl/fi/9m4r2cenvwvzlc8gyisyu/UkrOgienko.exe?rlkey=29e09s6vloxez741kzl159uy9&"
"WH" 2007/10/28 "Древнегреч. НЗ изд. Весткотт-Хорт 1881" "{918 КБ}" "https://dl.dropbox.com/scl/fi/6t54j7s8r862rsvvxfm2o/WH.exe?rlkey=h8a06zc9rnlridp8qhcxv5u8v&"